\BOOKMARK [0][-]{chapter*.2}{\376\377\000L\000E\000M\000B\000A\000R\000\040\000P\000E\000N\000G\000E\000S\000A\000H\000A\000N}{}% 1
\BOOKMARK [0][-]{chapter*.3}{\376\377\000P\000E\000R\000N\000Y\000A\000T\000A\000A\000N\000\040\000O\000R\000I\000S\000I\000N\000A\000L\000I\000T\000A\000S}{}% 2
\BOOKMARK [0][-]{chapter*.4}{\376\377\000P\000E\000R\000N\000Y\000A\000T\000A\000A\000N\000\040\000P\000E\000N\000G\000G\000U\000N\000A\000A\000N\000\040\000A\000I}{}% 3
\BOOKMARK [0][-]{chapter*.6}{\376\377\000A\000B\000S\000T\000R\000A\000K}{}% 4
\BOOKMARK [0][-]{section*.7}{\376\377\000D\000A\000F\000T\000A\000R\000\040\000I\000S\000I}{}% 5
\BOOKMARK [0][-]{section*.8}{\376\377\000D\000A\000F\000T\000A\000R\000\040\000G\000A\000M\000B\000A\000R}{}% 6
\BOOKMARK [0][-]{section*.9}{\376\377\000D\000A\000F\000T\000A\000R\000\040\000T\000A\000B\000E\000L}{}% 7
\BOOKMARK [0][-]{section*.9}{\376\377\000D\000A\000F\000T\000A\000R\000\040\000S\000I\000N\000G\000K\000A\000T\000A\000N}{}% 8
\BOOKMARK [0][-]{table.0.1}{\376\377\000D\000A\000F\000T\000A\000R\000\040\000S\000I\000M\000B\000O\000L}{}% 9
\BOOKMARK [0][-]{chapter.1}{\376\377\000P\000E\000N\000D\000A\000H\000U\000L\000U\000A\000N}{}% 10
\BOOKMARK [1][-]{section.1.1}{\376\377\000L\000a\000t\000a\000r\000\040\000B\000e\000l\000a\000k\000a\000n\000g}{chapter.1}% 11
\BOOKMARK [1][-]{section.1.2}{\376\377\000R\000u\000m\000u\000s\000a\000n\000\040\000M\000a\000s\000a\000l\000a\000h}{chapter.1}% 12
\BOOKMARK [1][-]{section.1.3}{\376\377\000T\000u\000j\000u\000a\000n\000\040\000P\000e\000n\000e\000l\000i\000t\000i\000a\000n}{chapter.1}% 13
\BOOKMARK [1][-]{section.1.4}{\376\377\000M\000a\000n\000f\000a\000a\000t\000\040\000P\000e\000n\000e\000l\000i\000t\000i\000a\000n}{chapter.1}% 14
\BOOKMARK [2][-]{subsection.1.4.1}{\376\377\000M\000a\000n\000f\000a\000a\000t\000\040\000T\000e\000o\000r\000i\000t\000i\000s}{section.1.4}% 15
\BOOKMARK [2][-]{subsection.1.4.2}{\376\377\000M\000a\000n\000f\000a\000a\000t\000\040\000P\000r\000a\000k\000t\000i\000s}{section.1.4}% 16
\BOOKMARK [1][-]{section.1.5}{\376\377\000R\000u\000a\000n\000g\000\040\000L\000i\000n\000g\000k\000u\000p\000\040\000P\000e\000n\000e\000l\000i\000t\000i\000a\000n}{chapter.1}% 17
\BOOKMARK [1][-]{section.1.6}{\376\377\000H\000i\000p\000o\000t\000e\000s\000i\000s}{chapter.1}% 18
\BOOKMARK [1][-]{section.1.7}{\376\377\000M\000e\000t\000o\000d\000o\000l\000o\000g\000i\000\040\000P\000e\000n\000e\000l\000i\000t\000i\000a\000n}{chapter.1}% 19
\BOOKMARK [2][-]{subsection.1.7.1}{\376\377\000P\000e\000n\000d\000e\000k\000a\000t\000a\000n\000\040\000P\000e\000n\000e\000l\000i\000t\000i\000a\000n}{section.1.7}% 20
\BOOKMARK [2][-]{subsection.1.7.2}{\376\377\000T\000a\000h\000a\000p\000a\000n\000\040\000P\000e\000n\000e\000l\000i\000t\000i\000a\000n}{section.1.7}% 21
\BOOKMARK [3][-]{subsubsection.1.7.2.1}{\376\377\000T\000a\000h\000a\000p\000\040\0001\000\040\040\023\000\040\000P\000r\000o\000b\000l\000e\000m\000\040\000I\000d\000e\000n\000t\000i\000f\000i\000c\000a\000t\000i\000o\000n\000\040\000a\000n\000d\000\040\000M\000o\000t\000i\000v\000a\000t\000i\000o\000n}{subsection.1.7.2}% 22
\BOOKMARK [3][-]{subsubsection.1.7.2.2}{\376\377\000T\000a\000h\000a\000p\000\040\0002\000\040\040\023\000\040\000D\000e\000f\000i\000n\000i\000n\000g\000\040\000t\000h\000e\000\040\000O\000b\000j\000e\000c\000t\000i\000v\000e\000s\000\040\000f\000o\000r\000\040\000a\000\040\000S\000o\000l\000u\000t\000i\000o\000n}{subsection.1.7.2}% 23
\BOOKMARK [3][-]{subsubsection.1.7.2.3}{\376\377\000T\000a\000h\000a\000p\000\040\0003\000\040\040\023\000\040\000D\000e\000s\000i\000g\000n\000\040\000a\000n\000d\000\040\000D\000e\000v\000e\000l\000o\000p\000m\000e\000n\000t}{subsection.1.7.2}% 24
\BOOKMARK [3][-]{subsubsection.1.7.2.4}{\376\377\000T\000a\000h\000a\000p\000\040\0004\000\040\040\023\000\040\000D\000e\000m\000o\000n\000s\000t\000r\000a\000t\000i\000o\000n}{subsection.1.7.2}% 25
\BOOKMARK [3][-]{subsubsection.1.7.2.5}{\376\377\000T\000a\000h\000a\000p\000\040\0005\000\040\040\023\000\040\000E\000v\000a\000l\000u\000a\000t\000i\000o\000n}{subsection.1.7.2}% 26
\BOOKMARK [3][-]{subsubsection.1.7.2.6}{\376\377\000T\000a\000h\000a\000p\000\040\0006\000\040\040\023\000\040\000C\000o\000m\000m\000u\000n\000i\000c\000a\000t\000i\000o\000n}{subsection.1.7.2}% 27
\BOOKMARK [2][-]{subsection.1.7.3}{\376\377\000J\000e\000n\000i\000s\000\040\000d\000a\000n\000\040\000S\000u\000m\000b\000e\000r\000\040\000D\000a\000t\000a}{section.1.7}% 28
\BOOKMARK [2][-]{subsection.1.7.4}{\376\377\000M\000e\000t\000o\000d\000e\000\040\000P\000e\000n\000g\000u\000m\000p\000u\000l\000a\000n\000\040\000D\000a\000t\000a}{section.1.7}% 29
\BOOKMARK [1][-]{section.1.8}{\376\377\000S\000i\000s\000t\000e\000m\000a\000t\000i\000k\000a\000\040\000P\000e\000n\000u\000l\000i\000s\000a\000n}{chapter.1}% 30
\BOOKMARK [0][-]{chapter.2}{\376\377\000T\000I\000N\000J\000A\000U\000A\000N\000\040\000P\000U\000S\000T\000A\000K\000A}{}% 31
\BOOKMARK [1][-]{section.2.1}{\376\377\000T\000i\000n\000j\000a\000u\000a\000n\000\040\000L\000i\000t\000e\000r\000a\000t\000u\000r}{chapter.2}% 32
\BOOKMARK [2][-]{subsection.2.1.1}{\376\377\000K\000e\000s\000e\000n\000j\000a\000n\000g\000a\000n\000\040\000P\000e\000n\000e\000l\000i\000t\000i\000a\000n\000\040\000\050\000R\000e\000s\000e\000a\000r\000c\000h\000\040\000G\000a\000p\000\051}{section.2.1}% 33
\BOOKMARK [1][-]{section.2.2}{\376\377\000T\000r\000a\000n\000s\000f\000o\000r\000m\000a\000s\000i\000\040\000D\000i\000g\000i\000t\000a\000l}{chapter.2}% 34
\BOOKMARK [1][-]{section.2.3}{\376\377\000T\000r\000a\000n\000s\000f\000o\000r\000m\000a\000s\000i\000\040\000D\000i\000g\000i\000t\000a\000l\000\040\000d\000i\000\040\000S\000e\000k\000t\000o\000r\000\040\000P\000e\000r\000t\000a\000h\000a\000n\000a\000n}{chapter.2}% 35
\BOOKMARK [2][-]{subsection.2.3.1}{\376\377\000P\000e\000n\000d\000o\000r\000o\000n\000g\000\040\000T\000r\000a\000n\000s\000f\000o\000r\000m\000a\000s\000i\000\040\000D\000i\000g\000i\000t\000a\000l\000\040\000P\000e\000r\000t\000a\000h\000a\000n\000a\000n}{section.2.3}% 36
\BOOKMARK [2][-]{subsection.2.3.2}{\376\377\000P\000r\000a\000k\000t\000i\000k\000\040\000T\000r\000a\000n\000s\000f\000o\000r\000m\000a\000s\000i\000\040\000D\000i\000g\000i\000t\000a\000l\000\040\000P\000e\000r\000t\000a\000h\000a\000n\000a\000n\000\040\000d\000i\000\040\000D\000u\000n\000i\000a}{section.2.3}% 37
\BOOKMARK [1][-]{section.2.4}{\376\377\000T\000r\000a\000n\000s\000f\000o\000r\000m\000a\000s\000i\000\040\000D\000i\000g\000i\000t\000a\000l\000\040\000K\000e\000m\000h\000a\000n\000\040\000R\000I}{chapter.2}% 38
\BOOKMARK [2][-]{subsection.2.4.1}{\376\377\000U\000r\000g\000e\000n\000s\000i\000\040\000T\000r\000a\000n\000s\000f\000o\000r\000m\000a\000s\000i\000\040\000D\000i\000g\000i\000t\000a\000l\000\040\000d\000i\000\040\000K\000e\000m\000h\000a\000n}{section.2.4}% 39
\BOOKMARK [2][-]{subsection.2.4.2}{\376\377\000T\000a\000n\000t\000a\000n\000g\000a\000n\000\040\000T\000r\000a\000n\000s\000f\000o\000r\000m\000a\000s\000i\000\040\000D\000i\000g\000i\000t\000a\000l\000\040\000K\000e\000m\000h\000a\000n}{section.2.4}% 40
\BOOKMARK [1][-]{section.2.5}{\376\377\000P\000e\000r\000t\000a\000h\000a\000n\000a\000n\000\040\000C\000e\000r\000d\000a\000s\000\040\040\023\000\040\000S\000m\000a\000r\000t\000\040\000D\000e\000f\000e\000n\000c\000e}{chapter.2}% 41
\BOOKMARK [2][-]{subsection.2.5.1}{\376\377\000D\000e\000f\000i\000n\000i\000s\000i}{section.2.5}% 42
\BOOKMARK [2][-]{subsection.2.5.2}{\376\377\000P\000e\000r\000g\000e\000s\000e\000r\000a\000n\000\040\000P\000a\000r\000a\000d\000i\000g\000m\000a\000\040\000D\000a\000t\000a\000\040\000s\000e\000b\000a\000g\000a\000i\000\040\000W\000e\000a\000p\000o\000n\000\040\000S\000y\000s\000t\000e\000m}{section.2.5}% 43
\BOOKMARK [2][-]{subsection.2.5.3}{\376\377\000N\000e\000t\000w\000o\000r\000k\000\040\000C\000e\000n\000t\000r\000i\000c\000\040\000W\000a\000r\000f\000a\000r\000e}{section.2.5}% 44
\BOOKMARK [2][-]{subsection.2.5.4}{\376\377\000J\000o\000i\000n\000\040\000A\000l\000l\000-\000D\000o\000m\000a\000i\000n\000\040\000O\000p\000e\000r\000a\000t\000i\000o\000n}{section.2.5}% 45
\BOOKMARK [2][-]{subsection.2.5.5}{\376\377\000P\0